---
source: tests/cobs-demos.rs
expression: cobs_ser_fmt_zeroes

---
0x01, 0xFF, 0x02, 0xC8, 0x02
Bytes: 5
