---
source: tests/cobs-demos.rs
expression: cobs_ser_fmt

---
0x0F, 0x20, 0x20, 0x20, 0x20, 0x20, 0x20, 0x20, 0x20, 0x20, 0x20, 0x20, 0x20, 0x20, 0x20, 0x0F
0x20, 0x20, 0x20, 0x20, 0x20, 0x20, 0x20, 0x20, 0x20, 0x20, 0x20, 0x20, 0x20, 0x20, 0x0F, 0x20
0x20, 0x20, 0x20, 0x20, 0x20, 0x20, 0x20, 0x20, 0x20, 0x20, 0x20, 0x20, 0x20, 0x0F, 0x20, 0x20
0x20, 0x20, 0x20, 0x20, 0x20, 0x20, 0x20, 0x20, 0x20, 0x20, 0x20, 0x20, 0x0F, 0x20, 0x20, 0x20
0x20, 0x20, 0x20, 0x20, 0x20, 0x20, 0x20, 0x20, 0x20, 0x20, 0x20, 0x0F, 0x20, 0x20, 0x20, 0x20
0x20, 0x20, 0x20, 0x20, 0x20, 0x20, 0x20, 0x20, 0x20, 0x20, 0x0F, 0x20, 0x20, 0x20, 0x20, 0x20
0x20, 0x20, 0x20, 0x20, 0x20, 0x20, 0x20, 0x20, 0x20, 0x0F, 0x20, 0x20, 0x20, 0x20, 0x20, 0x20
0x20, 0x20, 0x20, 0x20, 0x20, 0x20, 0x20, 0x20, 0x0F, 0x20, 0x20, 0x20, 0x20, 0x20, 0x20, 0x20
0x20, 0x20, 0x20, 0x20, 0x20, 0x20, 0x20, 0x0F, 0x20, 0x20, 0x20, 0x20, 0x20, 0x20, 0x20, 0x20
0x20, 0x20, 0x20, 0x20, 0x20, 0x20, 0x0F, 0x20, 0x20, 0x20, 0x20, 0x20, 0x20, 0x20, 0x20, 0x20
0x20, 0x20, 0x20, 0x20, 0x20, 0x0F, 0x20, 0x20, 0x20, 0x20, 0x20, 0x20, 0x20, 0x20, 0x20, 0x20
0x20, 0x20, 0x20, 0x20, 0x0F, 0x20, 0x20, 0x20, 0x20, 0x20, 0x20, 0x20, 0x20, 0x20, 0x20, 0x20
0x20, 0x20, 0x20, 0x06, 0x20, 0x20, 0x20, 0x20, 0x20
Bytes: 201
