---
source: tests/cobs-demos.rs
expression: cobs_ser_fmt

---
0x20, 0xBA, 0x41, 0x20, 0xBA, 0x41, 0x20, 0xBA, 0x41, 0x20, 0xBA, 0x41, 0x20, 0xBA, 0x41, 0x20
0xBA, 0x41, 0x20, 0xBA, 0x41, 0x20, 0xBA, 0x41, 0x20, 0xBA, 0x41, 0x20, 0xBA, 0x41, 0x20, 0xBA
0x41, 0x20, 0xBA, 0x41, 0x20, 0xBA, 0x41, 0x20, 0xBA, 0x41, 0x20, 0xBA, 0x41, 0x20, 0xBA, 0x41
0x20, 0xBA, 0x41, 0x20, 0xBA, 0x41, 0x20, 0xBA, 0x41, 0x20, 0xBA, 0x41, 0x20, 0xBA, 0x41, 0x20
0xBA, 0x41, 0x20, 0xBA, 0x41, 0x20, 0xBA, 0x41, 0x20, 0xBA, 0x41, 0x20, 0xBA, 0x41, 0x20, 0xBA
0x41, 0x20, 0xBA, 0x41, 0x20, 0xBA, 0x41, 0x20, 0xBA, 0x41, 0x20, 0xBA, 0x41, 0x20, 0xBA, 0x41
0x20, 0xBA, 0x41, 0x20, 0xBA, 0x41, 0x20, 0xBA, 0x41, 0x20, 0xBA, 0x41, 0x20, 0xBA, 0x41, 0x20
0xBA, 0x41, 0x20, 0xBA, 0x41, 0x20, 0xBA, 0x41, 0x20, 0xBA, 0x41, 0x20, 0xBA, 0x41, 0x20, 0xBA
0x41, 0x20, 0xBA, 0x41, 0x20, 0xBA, 0x41, 0x20, 0xBA, 0x41, 0x20, 0xBA, 0x41, 0x20, 0xBA, 0x41
0x20, 0xBA, 0x41, 0x20, 0xBA, 0x41
Bytes: 150
