---
source: tests/cobs-demos.rs
expression: cobs_ser_fmt

---
0x20, 0x20, 0x20, 0x20, 0x20, 0x20, 0x20, 0x20, 0x20, 0x20, 0x20, 0x20, 0x20, 0x20, 0x87, 0x20
0x20, 0x20, 0x20, 0x20, 0x20, 0x20, 0x20, 0x20, 0x20, 0x20, 0x20, 0x20, 0x20, 0x87, 0x20, 0x20
0x20, 0x20, 0x20, 0x20, 0x20, 0x20, 0x20, 0x20, 0x20, 0x20, 0x20, 0x20, 0x87, 0x20, 0x20, 0x20
0x20, 0x20, 0x20, 0x20, 0x20, 0x20, 0x20, 0x20, 0x20, 0x20, 0x20, 0x87, 0x20, 0x20, 0x20, 0x20
0x20, 0x20, 0x20, 0x20, 0x20, 0x20, 0x20, 0x20, 0x20, 0x20, 0x87, 0x20, 0x20, 0x20, 0x20, 0x20
0x20, 0x20, 0x20, 0x20, 0x20, 0x20, 0x20, 0x20, 0x20, 0x87, 0x20, 0x20, 0x20, 0x20, 0x20, 0x20
0x20, 0x20, 0x20, 0x20, 0x20, 0x20, 0x20, 0x20, 0x87, 0x20, 0x20, 0x20, 0x20, 0x20, 0x20, 0x20
0x20, 0x20, 0x20, 0x20, 0x20, 0x20, 0x20, 0x87, 0x20, 0x20, 0x20, 0x20, 0x20, 0x20, 0x20, 0x20
0x20, 0x20, 0x20, 0x20, 0x20, 0x20, 0x87, 0x20, 0x20, 0x20, 0x20, 0x20, 0x20, 0x20, 0x20, 0x20
0x20, 0x20, 0x20, 0x20, 0x20, 0x87, 0x20, 0x20, 0x20, 0x20, 0x20, 0x20, 0x20, 0x20, 0x20, 0x20
0x20, 0x20, 0x20, 0x20, 0x87, 0x20, 0x20, 0x20, 0x20, 0x20, 0x20, 0x20, 0x20, 0x20, 0x20, 0x20
0x20, 0x20, 0x20, 0x87, 0x20, 0x20, 0x20, 0x20, 0x20, 0x20, 0x20, 0x20, 0x20, 0x20, 0x20, 0x20
0x20, 0x20, 0x87, 0x20, 0x20, 0x20, 0x20, 0x20, 0x60
Bytes: 201
