---
source: tests/cobs-demos.rs
expression: cobs_ser_fmt

---
0x20, 0x20, 0x20, 0x20, 0x20, 0x20, 0x20, 0x20, 0x20, 0x20, 0x20, 0x20, 0x20, 0x20, 0x0F, 0x20
0x20, 0x20, 0x20, 0x20, 0x20, 0x20, 0x20, 0x20, 0x20, 0x20, 0x20, 0x20, 0x20, 0x0F, 0x20, 0x20
0x20, 0x20, 0x20, 0x20, 0x20, 0x20, 0x20, 0x20, 0x20, 0x20, 0x20, 0x20, 0x0F, 0x20, 0x20, 0x20
0x20, 0x20, 0x20, 0x20, 0x20, 0x20, 0x20, 0x20, 0x20, 0x20, 0x20, 0x0F, 0x20, 0x20, 0x20, 0x20
0x20, 0x20, 0x20, 0x20, 0x20, 0x20, 0x20, 0x20, 0x20, 0x20, 0x0F, 0x20, 0x20, 0x20, 0x20, 0x20
0x20, 0x20, 0x20, 0x20, 0x20, 0x20, 0x20, 0x20, 0x20, 0x0F, 0x20, 0x20, 0x20, 0x20, 0x20, 0x20
0x20, 0x20, 0x20, 0x20, 0x20, 0x20, 0x20, 0x20, 0x0F, 0x20, 0x20, 0x20, 0x20, 0x20, 0x20, 0x20
0x20, 0x20, 0x20, 0x20, 0x20, 0x20, 0x20, 0x0F, 0x20, 0x20, 0x20, 0x20, 0x20, 0x20, 0x20, 0x20
0x20, 0x20, 0x20, 0x20, 0x20, 0x20, 0x0F, 0x20, 0x20, 0x20, 0x20, 0x20, 0x20, 0x20, 0x20, 0x20
0x20, 0x20, 0x20, 0x20, 0x20, 0x0F, 0x20, 0x20, 0x20, 0x20, 0x20, 0x20, 0x20, 0x20, 0x20, 0x20
0x20, 0x20, 0x20, 0x20, 0x0F, 0x20, 0x20, 0x20, 0x20, 0x20, 0x20, 0x20, 0x20, 0x20, 0x20, 0x20
0x20, 0x20, 0x20, 0x0F, 0x20, 0x20, 0x20, 0x20, 0x20, 0x20, 0x20, 0x20, 0x20, 0x20, 0x20, 0x20
0x20, 0x20, 0x0F, 0x20, 0x20, 0x20, 0x20, 0x20, 0x06
Bytes: 201
