---
source: tests/cobs-demos.rs
expression: cobs_ser_fmt

---
0x20, 0x8E, 0x03, 0x20, 0x8E, 0x03, 0x20, 0x8E, 0x03, 0x20, 0x8E, 0x03, 0x20, 0x8E, 0x03, 0x20
0x8E, 0x03, 0x20, 0x8E, 0x03, 0x20, 0x8E, 0x03, 0x20, 0x8E, 0x03, 0x20, 0x8E, 0x03, 0x20, 0x8E
0x03, 0x20, 0x8E, 0x03, 0x20, 0x8E, 0x03, 0x20, 0x85, 0x03
Bytes: 42
