---
source: tests/cobs-demos.rs
expression: cobs_ser_fmt

---
0x20, 0x8A, 0x81, 0xF1, 0x41, 0x20, 0x8A, 0x81, 0xF1, 0x41, 0x20, 0x8A, 0x81, 0xF1, 0x41, 0x20
0x8A, 0x81, 0xF1, 0x41, 0x20, 0x8A, 0x81, 0xF1, 0x41, 0x20, 0x8A, 0x81, 0xF1, 0x41, 0x20, 0x82
0xF1
Bytes: 33
