---
source: tests/cobs-demos.rs
expression: cobs_ser_fmt

---
0x20, 0xAA, 0x41, 0x20, 0xAA, 0x41, 0x20, 0xAA, 0x41, 0x20, 0xAA, 0x41, 0x20, 0xAA, 0x41, 0x20
0xAA, 0x41, 0x20, 0xAA, 0x41, 0x20, 0xAA, 0x41, 0x20, 0xAA, 0x41, 0x20, 0xAA, 0x41, 0x20, 0xAA
0x41, 0x20, 0xAA, 0x41, 0x20, 0xAA, 0x41, 0x20, 0xAA, 0x41, 0x20, 0xAA, 0x41, 0x20, 0xAA, 0x41
0x20, 0xAA, 0x41, 0x20, 0xAA, 0x41, 0x20, 0xAA, 0x41, 0x20, 0xAA, 0x41, 0x20, 0xAA, 0x41, 0x20
0xAA, 0x41, 0x20, 0xAA, 0x41, 0x20, 0xAA, 0x41, 0x20, 0xAA, 0x41, 0x20, 0xAA, 0x41, 0x20, 0xAA
0x41, 0x20, 0xAA, 0x41, 0x20, 0xAA, 0x41, 0x20, 0xAA, 0x41, 0x20, 0xAA, 0x41, 0x20, 0xAA, 0x41
0x20, 0xAA, 0x41, 0x20, 0xAA, 0x41, 0x20, 0xAA, 0x41, 0x20, 0xAA, 0x41, 0x20, 0xAA, 0x41, 0x20
0xAA, 0x41, 0x20, 0xAA, 0x41, 0x20, 0xAA, 0x41, 0x20, 0xAA, 0x41, 0x20, 0xAA, 0x41, 0x20, 0xAA
0x41, 0x20, 0xAA, 0x41, 0x20, 0xAA, 0x41, 0x20, 0xAA, 0x41, 0x20, 0xAA, 0x41, 0x20, 0xAA, 0x41
0x20, 0xAA, 0x41, 0x20, 0xAA, 0x41, 0x20, 0xAA, 0x41, 0x20, 0xAA, 0x41, 0x20, 0xAA, 0x41, 0x20
0xAA, 0x41, 0x20, 0xAA, 0x41, 0x20, 0xAA, 0x41, 0x20, 0xAA, 0x41, 0x20, 0xAA, 0x41, 0x20, 0xAA
0x41, 0x20, 0xAA, 0x41, 0x20, 0xAA, 0x41, 0x20, 0xAA, 0x41, 0x20, 0xAA, 0x41, 0x20, 0xAA, 0x41
0x20, 0xAA, 0x41, 0x20, 0xAA, 0x41, 0x20, 0xAA
Bytes: 200
