---
source: tests/cobs-demos.rs
expression: cobs_ser_fmt

---
0x20, 0x92, 0x81, 0xE9, 0x41, 0x20, 0x92, 0x81, 0xE9, 0x41, 0x20, 0x92, 0x81, 0xE9, 0x41, 0x20
0x92, 0x81, 0xE9, 0x41, 0x20, 0x92, 0x81, 0xE9, 0x41, 0x20, 0x92, 0x81, 0xE9, 0x41, 0x20, 0x82
0xE9
Bytes: 33
